// Jest Snapshot v1, https://goo.gl/fbAQLP

exports[`ok 1`] = `
<div>
  <h1>
    children
  </h1>
</div>
`;

exports[`should display fallback when throw error in children 1`] = `
<div>
  <p>
    error
  </p>
</div>
`;
